---
source: src/lib.rs
expression: output
snapshot_kind: text
---
- "table_name,table_title"
- "main,main"
